// Jest Snapshot v1, https://goo.gl/fbAQLP

exports[`App component renders App 1`] = `
<DocumentFragment>
  <div
    class="wireframe appContainer"
  >
    <div
      class="wireframe banner"
    >
      <h1>
        Banner
      </h1>
    </div>
    <div
      class="flashcard"
    >
      <h2>
        In JavaScript what is the difference between null and undefined?
      </h2>
      <button
        class="hintButton"
      >
        Show Hint
      </button>
      <div
        class="hint"
      >
        <div>
          One is automatically applied when something is forgotten, the other is intentional.
          <div
            class="linksDiv"
          >
            Links:
            <a
              class="wireframe linkItem"
              href="https://www.youtube.com/watch?v=QVt0XfnU2Hw"
              target="_blank"
            >
              https://www.youtube.com/watch?v=QVt0XfnU2Hw
            </a>
            <a
              class="wireframe linkItem"
              href="https://stackoverflow.com/questions/5076944/what-is-the-difference-between-null-and-undefined-in-javascript"
              target="_blank"
            >
              https://stackoverflow.com/questions/5076944/what-is-the-difference-between-null-and-undefined-in-javascript
            </a>
          </div>
        </div>
      </div>
      <button
        class="button"
      >
        Show Answer
      </button>
      <div
        class="answer"
      >
        <p>
          null is an explicit nothing and has a typeof object, undefined has been declared and not yet assigned and has a typeof undefined. null == undefined //true. null === undefined //false
        </p>
      </div>
    </div>
  </div>
</DocumentFragment>
`;
