// Jest Snapshot v1, https://goo.gl/fbAQLP

exports[`App component renders App 1`] = `
<DocumentFragment>
  <div
    class="wireframe appContainer"
  >
    <div
      class="banner"
    >
      <h1>
        Interview Questions
      </h1>
      <label
        class="categoriesLabel"
      >
        <h3>
          Categories:
        </h3>
        <select>
          <option
            value="All"
          >
            All
          </option>
        </select>
      </label>
    </div>
    <div
      class="flashcardList"
    />
  </div>
</DocumentFragment>
`;
